// Jest Snapshot v1, https://goo.gl/fbAQLP

exports[`matches snapshot 1`] = `
<DocumentFragment>
  <div
    class="card"
    data-testid="1"
  >
    <div
      class="card-body"
    >
      <div
        class="card-title h5"
      >
        Job
      </div>
      <p
        class="card-text"
      >
        Salary: 100
      </p>
      <p
        class="card-text"
      >
        Equity: 0.5
      </p>
    </div>
  </div>
</DocumentFragment>
`;
