// Jest Snapshot v1, https://goo.gl/fbAQLP

exports[`matches snapshot 1`] = `
<DocumentFragment>
  <div
    class="container"
  >
    <div>
      <div
        class="row"
      >
        <div
          class="col-6 offset-3"
        >
          <h3>
            Log In
          </h3>
          <form
            class=""
          >
            <div
              class="form-group"
            >
              <label
                class="form-label"
                for="username"
              >
                Username
              </label>
              <input
                class="form-control"
                id="username"
                type="text"
                value=""
              />
            </div>
            <div
              class="form-group"
            >
              <label
                class="form-label"
                for="password"
              >
                Password
              </label>
              <input
                class="form-control"
                id="password"
                type="password"
                value=""
              />
            </div>
            <button
              class="btn btn-primary"
              type="submit"
            >
              Submit
            </button>
          </form>
        </div>
      </div>
    </div>
  </div>
</DocumentFragment>
`;
