// Jest Snapshot v1, https://goo.gl/fbAQLP

exports[`matches snapshot 1`] = `
<DocumentFragment>
  <div
    class="NavBar"
  >
    <a
      class="NavBar-brand"
      href="/"
    >
      Jobly
    </a>
    <a
      class="NavBar-link"
      href="/login"
    >
      Login
    </a>
    <a
      class="NavBar-link"
      href="/signup"
    >
      Sign Up
    </a>
  </div>
</DocumentFragment>
`;
